\BOOKMARK [0][-]{chapter*.2}{\376\377\000W\000s\000t\001\031\000p}{}% 1
\BOOKMARK [1][-]{section*.3}{\376\377\000O\001\133\000w\000i\000a\000d\000c\000z\000e\000n\000i\000e\000\040\000o\000d\000n\000o\001\133\000n\000i\000e\000\040\000w\000y\000k\000o\000r\000z\000y\000s\000t\000a\000n\000i\000a\000\040\000G\000e\000n\000A\000I}{chapter*.2}% 2
\BOOKMARK [0][-]{chapter.1}{\376\377\000C\000e\000l\000\040\000p\000r\000a\000c\000y\000,\000\040\000a\000n\000a\000l\000i\000z\000a\000\040\000i\000s\000t\000n\000i\000e\000j\001\005\000c\000y\000c\000h\000\040\000r\000o\000z\000w\000i\001\005\000z\000a\001\104\000\040\000i\000\040\000l\000i\000t\000e\000r\000a\000t\000u\000r\000a}{}% 3
\BOOKMARK [1][-]{section.1.1}{\376\377\000C\000e\000l\000\040\000i\000\040\000z\000a\000k\000r\000e\000s\000\040\000p\000r\000a\000c\000y}{chapter.1}% 4
\BOOKMARK [1][-]{section.1.2}{\376\377\000A\000n\000a\000l\000i\000z\000a\000\040\000i\000s\000t\000n\000i\000e\000j\001\005\000c\000y\000c\000h\000\040\000r\000o\000z\000w\000i\001\005\000z\000a\001\104}{chapter.1}% 5
\BOOKMARK [2][-]{subsection.1.2.1}{\376\377\000P\000r\000z\000e\000g\000l\001\005\000d\000\040\000d\000o\000s\000t\001\031\000p\000n\000y\000c\000h\000\040\000p\000l\000a\000t\000f\000o\000r\000m}{section.1.2}% 6
\BOOKMARK [2][-]{subsection.1.2.2}{\376\377\000P\000o\000r\000\363\000w\000n\000a\000n\000i\000e\000\040\000f\000u\000n\000k\000c\000j\000o\000n\000a\000l\000n\000o\001\133\000c\000i}{section.1.2}% 7
\BOOKMARK [1][-]{section.1.3}{\376\377\000U\000z\000a\000s\000a\000d\000n\000i\000e\000n\000i\000e\000\040\000w\000y\000b\000r\000a\000n\000e\000g\000o\000\040\000r\000o\000z\000w\000i\001\005\000z\000a\000n\000i\000a}{chapter.1}% 8
\BOOKMARK [1][-]{section.1.4}{\376\377\000P\000o\000d\000s\000t\000a\000w\000y\000\040\000t\000e\000o\000r\000e\000t\000y\000c\000z\000n\000e\000\040\000i\000\040\000l\000i\000t\000e\000r\000a\000t\000u\000r\000a}{chapter.1}% 9
\BOOKMARK [2][-]{subsection.1.4.1}{\376\377\000C\000y\000f\000r\000y\000z\000a\000c\000j\000a\000\040\000d\000i\000a\000g\000n\000o\000s\000t\000y\000k\000i\000\040\000p\000s\000y\000c\000h\000o\000l\000o\000g\000i\000c\000z\000n\000e\000j\000\040\000i\000\040\000p\000s\000y\000c\000h\000o\000m\000e\000t\000r\000y\000c\000z\000n\000e\000j}{section.1.4}% 10
\BOOKMARK [2][-]{subsection.1.4.2}{\376\377\000P\000r\000e\000c\000y\000z\000j\000a\000\040\000p\000o\000m\000i\000a\000r\000u\000\040\000c\000z\000a\000s\000u\000\040\000r\000e\000a\000k\000c\000j\000i\000\040\000w\000\040\001\133\000r\000o\000d\000o\000w\000i\000s\000k\000a\000c\000h\000\040\000C\000h\000r\000o\000m\000i\000u\000m}{section.1.4}% 11
\BOOKMARK [2][-]{subsection.1.4.3}{\376\377\000B\000e\000z\000p\000i\000e\000c\000z\000e\001\104\000s\000t\000w\000o\000\040\000d\000a\000n\000y\000c\000h\000\040\000p\000s\000y\000c\000h\000o\000l\000o\000g\000i\000c\000z\000n\000y\000c\000h\000\040\000w\000\040\000c\000h\000m\000u\000r\000z\000e}{section.1.4}% 12
\BOOKMARK [0][-]{chapter.2}{\376\377\000P\000r\000o\000j\000e\000k\000t\000o\000w\000a\000n\000i\000e\000,\000\040\000i\000m\000p\000l\000e\000m\000e\000n\000t\000a\000c\000j\000a\000\040\000i\000\040\000t\000e\000s\000t\000o\000w\000a\000n\000i\000e}{}% 13
\BOOKMARK [1][-]{section.2.1}{\376\377\000W\000y\000m\000a\000g\000a\000n\000i\000a\000\040\000f\000u\000n\000k\000c\000j\000o\000n\000a\000l\000n\000e\000\040\000i\000\040\000n\000i\000e\000f\000u\000n\000k\000c\000j\000o\000n\000a\000l\000n\000e}{chapter.2}% 14
\BOOKMARK [2][-]{subsection.2.1.1}{\376\377\000W\000y\000m\000a\000g\000a\000n\000i\000a\000\040\000f\000u\000n\000k\000c\000j\000o\000n\000a\000l\000n\000e}{section.2.1}% 15
\BOOKMARK [2][-]{subsection.2.1.2}{\376\377\000W\000y\000m\000a\000g\000a\000n\000i\000a\000\040\000n\000i\000e\000f\000u\000n\000k\000c\000j\000o\000n\000a\000l\000n\000e}{section.2.1}% 16
\BOOKMARK [2][-]{subsection.2.1.3}{\376\377\000O\000g\000\363\000l\000n\000a\000\040\000a\000r\000c\000h\000i\000t\000e\000k\000t\000u\000r\000a\000\040\000k\000l\000i\000e\000n\000t\000-\000s\000e\000r\000w\000e\000r}{section.2.1}% 17
\BOOKMARK [2][-]{subsection.2.1.4}{\376\377\000K\000o\000m\000u\000n\000i\000k\000a\000c\000j\000a\000\040\000m\000i\001\031\000d\000z\000y\000p\000r\000o\000c\000e\000s\000o\000w\000a\000\040\000\050\000I\000P\000C\000\051}{section.2.1}% 18
\BOOKMARK [2][-]{subsection.2.1.5}{\376\377\000M\000o\000d\000e\000l\000\040\000k\000o\000n\000t\000r\000o\000l\000i\000\040\000d\000o\000s\000t\001\031\000p\000u\000\040\000\050\000R\000B\000A\000C\000\051}{section.2.1}% 19
\BOOKMARK [2][-]{subsection.2.1.6}{\376\377\000S\000t\000r\000u\000k\000t\000u\000r\000a\000\040\000b\000a\000z\000y\000\040\000d\000a\000n\000y\000c\000h}{section.2.1}% 20
\BOOKMARK [2][-]{subsection.2.1.7}{\376\377\000M\000e\000c\000h\000a\000n\000i\000z\000m\000y\000\040\000i\000n\000t\000e\000g\000r\000a\000l\000n\000o\001\133\000c\000i\000\040\000d\000a\000n\000y\000c\000h\000\040\000l\000o\000k\000a\000l\000n\000y\000c\000h}{section.2.1}% 21
\BOOKMARK [2][-]{subsection.2.1.8}{\376\377\000P\000r\000o\000j\000e\000k\000t\000\040\000i\000n\000t\000e\000r\000f\000e\000j\000s\000u\000\040\000u\001\174\000y\000t\000k\000o\000w\000n\000i\000k\000a}{section.2.1}% 22
\BOOKMARK [1][-]{section.2.2}{\376\377\000I\000m\000p\000l\000e\000m\000e\000n\000t\000a\000c\000j\000a}{chapter.2}% 23
\BOOKMARK [2][-]{subsection.2.2.1}{\376\377\000Z\000a\000s\000t\000o\000s\000o\000w\000a\000n\000e\000\040\000t\000e\000c\000h\000n\000o\000l\000o\000g\000i\000e}{section.2.2}% 24
\BOOKMARK [2][-]{subsection.2.2.2}{\376\377\000S\000t\000r\000u\000k\000t\000u\000r\000a\000\040\000p\000r\000o\000j\000e\000k\000t\000u}{section.2.2}% 25
\BOOKMARK [2][-]{subsection.2.2.3}{\376\377\000M\000o\000d\000u\001\102\000\040\000a\000u\000t\000o\000r\000y\000z\000a\000c\000j\000i\000\040\000i\000\040\000r\000e\000j\000e\000s\000t\000r\000a\000c\000j\000i}{section.2.2}% 26
\BOOKMARK [2][-]{subsection.2.2.4}{\376\377\000M\000o\000d\000u\001\102\000\040\000d\000y\000s\000t\000r\000y\000b\000u\000c\000j\000i\000\040\000t\000e\000s\000t\000\363\000w}{section.2.2}% 27
\BOOKMARK [2][-]{subsection.2.2.5}{\376\377\000M\000o\000d\000u\001\102\000\040\000w\000y\000k\000o\000n\000y\000w\000a\000n\000i\000a\000\040\000t\000e\000s\000t\000\363\000w}{section.2.2}% 28
\BOOKMARK [2][-]{subsection.2.2.6}{\376\377\000M\000o\000d\000u\001\102\000\040\000s\000y\000n\000c\000h\000r\000o\000n\000i\000z\000a\000c\000j\000i\000\040\000z\000\040\000c\000h\000m\000u\000r\001\005}{section.2.2}% 29
\BOOKMARK [2][-]{subsection.2.2.7}{\376\377\000M\000o\000d\000u\001\102\000\040\000a\000d\000m\000i\000n\000i\000s\000t\000r\000a\000c\000y\000j\000n\000y}{section.2.2}% 30
\BOOKMARK [2][-]{subsection.2.2.8}{\376\377\000M\000o\000d\000u\001\102\000\040\000a\000k\000t\000u\000a\000l\000i\000z\000a\000c\000j\000i\000\040\000a\000p\000l\000i\000k\000a\000c\000j\000i}{section.2.2}% 31
\BOOKMARK [2][-]{subsection.2.2.9}{\376\377\000S\000t\000r\000o\000n\000a\000\040\000p\000r\000o\000j\000e\000k\000t\000u\000\040\000i\000\040\000w\000e\000r\000s\000j\000a\000\040\000w\000e\000b\000o\000w\000a}{section.2.2}% 32
\BOOKMARK [1][-]{section.2.3}{\376\377\000T\000e\000s\000t\000o\000w\000a\000n\000i\000e}{chapter.2}% 33
\BOOKMARK [2][-]{subsection.2.3.1}{\376\377\000M\000e\000t\000o\000d\000y\000k\000a\000\040\000t\000e\000s\000t\000o\000w\000a\000n\000i\000a}{section.2.3}% 34
\BOOKMARK [2][-]{subsection.2.3.2}{\376\377\000T\000e\000s\000t\000y\000\040\000j\000e\000d\000n\000o\000s\000t\000k\000o\000w\000e\000\040\000i\000\040\000i\000n\000t\000e\000g\000r\000a\000c\000y\000j\000n\000e}{section.2.3}% 35
\BOOKMARK [2][-]{subsection.2.3.3}{\376\377\000T\000e\000s\000t\000y\000\040\000m\000a\000n\000u\000a\000l\000n\000e}{section.2.3}% 36
\BOOKMARK [2][-]{subsection.2.3.4}{\376\377\000T\000e\000s\000t\000y\000\040\000z\000\040\000u\000d\000z\000i\000a\001\102\000e\000m\000\040\000u\001\174\000y\000t\000k\000o\000w\000n\000i\000k\000\363\000w}{section.2.3}% 37
\BOOKMARK [2][-]{subsection.2.3.5}{\376\377\000Z\000n\000a\000l\000e\000z\000i\000o\000n\000e\000\040\000p\000r\000o\000b\000l\000e\000m\000y\000\040\000i\000\040\000i\000c\000h\000\040\000r\000o\000z\000w\000i\001\005\000z\000a\000n\000i\000a}{section.2.3}% 38
\BOOKMARK [0][-]{chapter.3}{\376\377\000W\000e\000r\000y\000f\000i\000k\000a\000c\000j\000a\000\040\000z\000g\000o\000d\000n\000o\001\133\000c\000i\000\040\000z\000\040\000t\000e\000m\000a\000t\000e\000m\000\040\000p\000r\000a\000c\000y}{}% 39
\BOOKMARK [1][-]{section.3.1}{\376\377\000K\000r\000y\000t\000e\000r\000i\000a\000\040\000w\000e\000r\000y\000f\000i\000k\000a\000c\000j\000i}{chapter.3}% 40
\BOOKMARK [1][-]{section.3.2}{\376\377\000W\000e\000r\000y\000f\000i\000k\000a\000c\000j\000a\000\040\000w\000y\000m\000a\000g\000a\001\104\000\040\000f\000u\000n\000k\000c\000j\000o\000n\000a\000l\000n\000y\000c\000h}{chapter.3}% 41
\BOOKMARK [1][-]{section.3.3}{\376\377\000W\000e\000r\000y\000f\000i\000k\000a\000c\000j\000a\000\040\000w\000y\000m\000a\000g\000a\001\104\000\040\000n\000i\000e\000f\000u\000n\000k\000c\000j\000o\000n\000a\000l\000n\000y\000c\000h}{chapter.3}% 42
\BOOKMARK [1][-]{section.3.4}{\376\377\000Z\000g\000o\000d\000n\000o\001\133\001\007\000\040\000z\000\040\000t\000e\000m\000a\000t\000e\000m\000\040\000p\000r\000a\000c\000y\000\040\000i\000n\001\174\000y\000n\000i\000e\000r\000s\000k\000i\000e\000j}{chapter.3}% 43
\BOOKMARK [1][-]{section.3.5}{\376\377\000W\000e\000r\000y\000f\000i\000k\000a\000c\000j\000a\000\040\000p\000r\000o\000g\000r\000a\000m\000u\000\040\000w\000\040\000p\000r\000a\000k\000t\000y\000c\000e}{chapter.3}% 44
\BOOKMARK [0][-]{chapter.4}{\376\377\000W\000n\000i\000o\000s\000k\000i\000,\000\040\000p\000o\000d\000s\000u\000m\000o\000w\000a\000n\000i\000e\000\040\000i\000\040\000d\000a\000l\000s\000z\000e\000\040\000m\000o\001\174\000l\000i\000w\000o\001\133\000c\000i\000\040\000r\000o\000z\000w\000o\000j\000u}{}% 45
\BOOKMARK [1][-]{section.4.1}{\376\377\000W\000n\000i\000o\000s\000k\000i}{chapter.4}% 46
\BOOKMARK [1][-]{section.4.2}{\376\377\000O\000c\000e\000n\000a\000\040\000r\000e\000a\000l\000i\000z\000a\000c\000j\000i\000\040\000c\000e\000l\000\363\000w}{chapter.4}% 47
\BOOKMARK [1][-]{section.4.3}{\376\377\000P\000o\000d\000s\000u\000m\000o\000w\000a\000n\000i\000e}{chapter.4}% 48
\BOOKMARK [1][-]{section.4.4}{\376\377\000D\000a\000l\000s\000z\000e\000\040\000m\000o\001\174\000l\000i\000w\000o\001\133\000c\000i\000\040\000r\000o\000z\000w\000o\000j\000u}{chapter.4}% 49
\BOOKMARK [0][-]{chapter*.6}{\376\377\000Z\000a\001\102\001\005\000c\000z\000n\000i\000k\000i}{}% 50
